# Generated by copilot-helper v0.1-TEST / 2023-08-22 16:00:00
Parameters:
  # Copilot required Parameters...
  App:
    Type: String
    Description: Your application's name.
  Env:
    Type: String
    Description: The environment name your service, job, or workflow is being deployed to.

  # Parameters from the parent stack brought in via addons.parameters.yml...
  EnvironmentSecurityGroup:
    Type: String
  PrivateSubnets:
    Type: String
  VpcId:
    Type: String

  # Other parameters...
  # Customize your RDS Postgres cluster by setting the default value of the following parameters.
  myRdsDbDBName:
    Type: String
    Description: The name of the initial database to be created.
    Default: main
    # Cannot have special characters
    # Naming constraints: https://docs.aws.amazon.com/AmazonRDS/latest/UserGuide/CHAP_Limits.html#RDS_Limits.Constraints

Mappings:
  myRdsDbEnvScalingConfigurationMap:
    development:
      DBInstanceClass: 'db.t3.small'
      MultiAZ: true
      AllocatedStorage: 100
      MaxAllocatedStorage: 126
      StorageType: gp3

Resources:
  # Subnet group to control where the DB gets placed
  myRdsDbDBSubnetGroup:
    Type: AWS::RDS::DBSubnetGroup
    Properties:
      DBSubnetGroupDescription: Group of subnets to place DB into
      SubnetIds: !Split [ ",", !Ref PrivateSubnets ]

  # Security group to add the DB to the VPC,
  # and to allow the Fargate containers to talk to DB
  myRdsDbSecurityGroup:
    Metadata:
      'aws:copilot:description': 'A security group to access the DB cluster'
    Type: AWS::EC2::SecurityGroup
    Properties:
      GroupDescription: "DB Security Group"
      VpcId: !Ref VpcId
      Tags:
        - Key: Name
          Value: !Sub 'copilot-${App}-${Env}-my-rds-db-RDS-Postgres-SecurityGroup'

  # Enable ingress from other ECS services created within the environment.
  myRdsDbDBIngress:
    Metadata:
      'aws:copilot:description': 'Allow ingress from containers in my application to the DB cluster'
    Type: AWS::EC2::SecurityGroupIngress
    Properties:
      Description: Ingress from Fargate containers
      GroupId: !Ref 'myRdsDbSecurityGroup'
      IpProtocol: tcp
      FromPort: 5432
      ToPort: 5432
      SourceSecurityGroupId: !Ref EnvironmentSecurityGroup

  # Enable ingress from Lambda Functions.
  myRdsDbLambdaIngress:
    Metadata:
      'aws:copilot:description': 'Allow ingress from Lambda functions in my application to the DB cluster'
    Type: AWS::EC2::SecurityGroupIngress
    Properties:
      Description: Ingress from Lambda Function
      GroupId: !Ref 'myRdsDbSecurityGroup'
      IpProtocol: tcp
      FromPort: 5432
      ToPort: 5432
      SourceSecurityGroupId: !Ref 'myRdsDbSecurityGroup'

  # Enable ingress from Secrets Manager.
  myRdsDbSecretsManagerIngress:
    Metadata:
      'aws:copilot:description': 'Allow ingress from Secrets Manager in my application to the DB cluster'
    Type: AWS::EC2::SecurityGroupIngress
    Properties:
      Description: Ingress from Secrets Manager
      GroupId: !Ref 'myRdsDbSecurityGroup'
      IpProtocol: tcp
      FromPort: 443
      ToPort: 443
      SourceSecurityGroupId: !Ref 'myRdsDbSecurityGroup'

  # Enable egress from Lambda Function.
  myRdsDbLambdaEgress:
    Metadata:
      'aws:copilot:description': 'Allow egress from Lambda functions in my application to the DB cluster'
    Type: AWS::EC2::SecurityGroupEgress
    Properties:
      Description: Egress from Lambda Function
      GroupId: !Ref 'myRdsDbSecurityGroup'
      IpProtocol: tcp
      FromPort: 5432
      ToPort: 5432
      DestinationSecurityGroupId: !Ref 'myRdsDbSecurityGroup'

  # Enable egress from Secrets Manager.
  myRdsDbSecretsManagerEgress:
    Metadata:
      'aws:copilot:description': 'Allow egress from Secrets Manager in my application to the DB cluster'
    Type: AWS::EC2::SecurityGroupEgress
    Properties:
      Description: Egress from Secrets Manager
      GroupId: !Ref 'myRdsDbSecurityGroup'
      IpProtocol: tcp
      FromPort: 443
      ToPort: 443
      DestinationSecurityGroupId: !Ref 'myRdsDbSecurityGroup'

  # Enable egress for HTTPS.
  myRdsDbHTTPSEgress:
    Metadata:
      'aws:copilot:description': 'Allow egress for HTTPS'
    Type: AWS::EC2::SecurityGroupEgress
    Properties:
      CidrIp: 0.0.0.0/0
      Description: Egress for HTTPS
      GroupId: !Ref 'myRdsDbSecurityGroup'
      IpProtocol: tcp
      FromPort: 443
      ToPort: 443

  # Enable egress for HTTP.
  myRdsDbHTTPEgress:
    Metadata:
      'aws:copilot:description': 'Allow egress for HTTP'
    Type: AWS::EC2::SecurityGroupEgress
    Properties:
      CidrIp: 0.0.0.0/0
      Description: Egress for HTTP
      GroupId: !Ref 'myRdsDbSecurityGroup'
      IpProtocol: tcp
      FromPort: 80
      ToPort: 80

  myRdsDbRDSDBParameterGroup:
    Metadata:
      'aws:copilot:description': 'A DB parameter group for engine configuration values'
    Type: 'AWS::RDS::DBParameterGroup'
    Properties:
      Description: !Ref 'AWS::StackName'
      Family: 'postgres13'
      Parameters:
        client_encoding: 'UTF8'
        log_statement: ddl
        log_statement_sample_rate: '1.0'

  # The cluster itself.
  myRdsDbDBInstance:
    Metadata:
      'aws:copilot:description': 'DB cluster'
    Type: AWS::RDS::DBInstance
    Properties:
      AutoMinorVersionUpgrade: true
      EnablePerformanceInsights: true
      EnableCloudwatchLogsExports:
        - postgresql
        - upgrade
      Engine: postgres
      EngineVersion: '13'
      DBInstanceClass: !FindInMap [myRdsDbEnvScalingConfigurationMap, !Ref Env, DBInstanceClass]
      AllocatedStorage: !FindInMap [myRdsDbEnvScalingConfigurationMap, !Ref Env, AllocatedStorage]
      MaxAllocatedStorage: !FindInMap [myRdsDbEnvScalingConfigurationMap, !Ref Env, MaxAllocatedStorage]
      StorageType: !FindInMap [myRdsDbEnvScalingConfigurationMap, !Ref Env, StorageType]
      MultiAZ: !FindInMap [myRdsDbEnvScalingConfigurationMap, !Ref Env, MultiAZ]
      DBParameterGroupName: !Ref myRdsDbRDSDBParameterGroup
      AllowMajorVersionUpgrade: false
      BackupRetentionPeriod: 7
      DBName: !Ref myRdsDbDBName
      MasterUsername:
        !Join [ "",  [ '{{resolve:secretsmanager:', !Ref myRdsDbRDSSecret, ":SecretString:username}}" ]]
      MasterUserPassword:
        !Join [ "",  [ '{{resolve:secretsmanager:', !Ref myRdsDbRDSSecret, ":SecretString:password}}" ]]
      DBSubnetGroupName: !Ref 'myRdsDbDBSubnetGroup'
      VPCSecurityGroups:
        - !Ref myRdsDbSecurityGroup

  myRdsDbRDSSecret:
    Metadata:
      'aws:copilot:description': 'A Secrets Manager secret to store your DB credentials'
    Type: AWS::SecretsManager::Secret
    Properties:
      Name: !Sub '/copilot/${App}/${Env}/secrets/MY_RDS_DB'
      Description: !Sub RDS main user secret for ${AWS::StackName}
      GenerateSecretString:
        SecretStringTemplate: '{"username": "postgres"}'
        GenerateStringKey: "password"
        ExcludePunctuation: true
        IncludeSpace: false
        PasswordLength: 16
        ExcludeCharacters: '[]{}()"@/\;=?&`><:|#'

  myRdsDbSecretRDSAttachment:
    Type: AWS::SecretsManager::SecretTargetAttachment
    Properties:
      SecretId: !Ref myRdsDbRDSSecret
      TargetId: !Ref myRdsDbDBInstance
      TargetType: AWS::RDS::DBInstance

  myRdsDbLambdaFunction:
    Type: AWS::Lambda::Function
    Properties:
      FunctionName: !Sub "${App}-${Env}-rds-create-application-user"
      Handler: index.handler
      Runtime: python3.11
      Layers:
        - arn:aws:lambda:eu-west-2:763451185160:layer:python-postgres:1
      MemorySize: 128
      Timeout: 10
      Role: !GetAtt myRdsDbLambdaFunctionExecutionRole.Arn
      VpcConfig:
        SecurityGroupIds:
          - !Ref myRdsDbSecurityGroup
        SubnetIds: !Split [ ",", !Ref PrivateSubnets ]
      Code:
        ZipFile: |
          import json

          import boto3
          import cfnresponse
          import psycopg2
          from botocore.exceptions import ClientError


          def drop_user(cursor):
              cursor.execute("SELECT * FROM pg_catalog.pg_user WHERE usename = 'application_user'")

              if cursor.fetchone() is not None:
                  cursor.execute("GRANT application_user TO postgres")
                  cursor.execute("DROP OWNED BY application_user")
                  cursor.execute("DROP USER application_user")


          def create_db_user(conn, cursor, password):
              drop_user(cursor)

              cursor.execute("CREATE USER application_user WITH ENCRYPTED PASSWORD '%s'" % password)
              cursor.execute(
                  "GRANT SELECT, INSERT, UPDATE, DELETE, TRIGGER ON ALL TABLES IN SCHEMA public TO application_user;")
              cursor.execute("GRANT application_user to postgres;")
              cursor.execute(
                  "ALTER DEFAULT PRIVILEGES FOR USER application_user IN SCHEMA public GRANT SELECT, INSERT, UPDATE, DELETE, TRIGGER ON TABLES TO application_user;")
              conn.commit()


          def create_or_update_application_user_secret(secrets_manager, application_user_secret_name,
                                                       application_user_secret_string, event):
              application_user_secret_description = event['ResourceProperties']['SecretDescription']
              copilot_application = event['ResourceProperties']['CopilotApplication']
              copilot_environment = event['ResourceProperties']['CopilotEnvironment']

              application_user_secret = None

              try:
                  application_user_secret = secrets_manager.create_secret(
                      Name=application_user_secret_name,
                      Description=application_user_secret_description,
                      SecretString=json.dumps(application_user_secret_string),
                      Tags=[
                          {'Key': 'custom:cloudformation:stack-name', 'Value': event["StackId"].split('/')[1]},
                          {'Key': 'custom:cloudformation:logical-id', 'Value': event["LogicalResourceId"]},
                          {'Key': 'custom:cloudformation:stack-d', 'Value': event["StackId"]},
                          {'Key': 'copilot-application', 'Value': copilot_application},
                          {'Key': 'copilot-environment', 'Value': copilot_environment},
                      ],
                  )
              except ClientError as error:
                  if error.response["Error"]["Code"] == "ResourceExistsException":
                      application_user_secret = secrets_manager.update_secret(
                          SecretId=application_user_secret_name,
                          SecretString=json.dumps(application_user_secret_string),
                      )

              return application_user_secret


          def handler(event, context):
              print("REQUEST RECEIVED:\n" + json.dumps(event))

              db_master_user_secret = event['ResourceProperties']['MasterUserSecret']
              application_user_secret_name = event['ResourceProperties']['SecretName']
              application_user_secret_description = event['ResourceProperties']['SecretDescription']
              copilot_application = event['ResourceProperties']['CopilotApplication']
              copilot_environment = event['ResourceProperties']['CopilotEnvironment']

              secrets_manager = boto3.client("secretsmanager")

              master_user = json.loads(secrets_manager.get_secret_value(SecretId=db_master_user_secret)["SecretString"])

              application_user_password = secrets_manager.get_random_password(
                  PasswordLength=16,
                  ExcludeCharacters='[]{}()"@/\;=?&`><:|#',
                  ExcludePunctuation=True,
                  IncludeSpace=False,
              )["RandomPassword"]

              application_user_secret_string = {
                  "username": "application_user",
                  "password": application_user_password,
                  "engine": master_user["engine"],
                  "port": master_user["port"],
                  "dbname": master_user["dbname"],
                  "host": master_user["host"],
                  "dbInstanceIdentifier": master_user["dbInstanceIdentifier"]
              }

              conn = psycopg2.connect(
                  dbname=master_user["dbname"],
                  user=master_user["username"],
                  password=master_user["password"],
                  host=master_user["host"],
                  port=master_user["port"]
              )

              cursor = conn.cursor()

              response = {"Status": "SUCCESS"}

              try:
                  match event["RequestType"]:
                      case "Create":
                          create_db_user(conn, cursor, application_user_password)

                          response = {
                              **response,
                              "Data": create_or_update_application_user_secret(
                                  secrets_manager, application_user_secret_name,
                                  application_user_secret_string, event
                              )
                          }
                      case "Update":
                          create_db_user(conn, cursor, application_user_password)

                          response = {
                              **response,
                              "Data": create_or_update_application_user_secret(
                                  secrets_manager, application_user_secret_name,
                                  application_user_secret_string, event
                              )
                          }
                      case "Delete":
                          drop_user(cursor)

                          data = secrets_manager.delete_secret(
                              SecretId=application_user_secret_name,
                              ForceDeleteWithoutRecovery=True,
                          )

                          response = {
                              **response,
                              "Data": data | { "DeletionDate": str(data["DeletionDate"]) }
                          }
                      case _:
                          response = {"Status": "FAILED",
                                      "Data": {"Error": f"""Invalid requestType of '${event["RequestType"]}'"""}}
              except Exception as e:
                  response = {"Status": "FAILED", "Data": {"Error": str(e)}}

              cursor.close()
              conn.close()

              print(json.dumps(response, default=str))
              cfnresponse.send(event, context, response["Status"], response["Data"], event["LogicalResourceId"])

  myRdsDbApplicationUser:
    Type: 'Custom::myRdsDbApplicationUser'
    Properties:
      ServiceToken: !GetAtt 'myRdsDbLambdaFunction.Arn'
      CopilotApplication: !Sub "${App}"
      CopilotEnvironment: !Sub "${Env}"
      MasterUserSecret: !Ref myRdsDbRDSSecret
      SecretDescription: !Sub RDS application user secret for ${AWS::StackName}
      SecretName: !Sub '/copilot/${App}/${Env}/secrets/MY_RDS_DB_APPLICATION_USER'
    # Resource based metadata block to ignore reference to resources in other addon templates. Do not remove.
    Metadata:
      cfn-lint:
        config:
          ignore_checks:
            # https://github.com/aws-cloudformation/cfn-lint/blob/main/docs/rules.md
            - E3005
    DependsOn:
      - VpcEndpoint
      - myRdsDbDBInstance

  myRdsDbLambdaFunctionExecutionRole:
    Type: AWS::IAM::Role
    Properties:
      RoleName: !Sub "${App}-${Env}-rds-application-user"
      AssumeRolePolicyDocument:
        Version: 2012-10-17
        Statement:
          - Effect: Allow
            Action:
              - 'sts:AssumeRole'
            Principal:
              Service:
                - lambda.amazonaws.com
      Policies:
        - PolicyName: !Sub "${App}-${Env}-rds-application-user"
          PolicyDocument:
            Version: '2012-10-17'
            Statement:
              - Effect: Allow
                Action:
                  - 'ec2:CreateNetworkInterface'
                  - 'ec2:DescribeNetworkInterfaces'
                  - 'ec2:DeleteNetworkInterface'
                Resource:
                  - '*'
              - Effect: Allow
                Action:
                  - 'secretsmanager:CreateSecret'
                  - 'secretsmanager:TagResource'
                  - 'secretsmanager:UpdateSecret'
                  - 'secretsmanager:DeleteSecret'
                  - 'secretsmanager:DescribeSecret'
                  - 'secretsmanager:GetRandomPassword'
                  - 'secretsmanager:GetSecretValue'
                Resource:
                  - '*'
              - Effect: Allow
                Action:
                  - 'logs:CreateLogGroup'
                  - 'logs:CreateLogStream'
                  - 'logs:PutLogEvents'
                Resource: 'arn:aws:logs:*:*:*'
