- !Ref myAuroraDbDBClusterSecurityGroup.GroupId
- !Ref myRdsDbSecurityGroup.GroupId
- !Ref EnvironmentSecurityGroup