# Generated by copilot-helper v0.1-TEST / 2023-08-22 16:00:00

Parameters:
  ECSClusterName: !Ref Cluster
  EnvironmentSecurityGroup: !Ref EnvironmentSecurityGroup
  DefaultPublicRoute: !Ref DefaultPublicRoute
  InternetGateway: !Ref InternetGateway
  InternetGatewayAttachment: !Ref InternetGatewayAttachment
  PrivateSubnets: !Join [ ',', [ !Ref PrivateSubnet1, !Ref PrivateSubnet2, ] ]
  PublicRouteTable: !Ref PublicRouteTable
  PublicSubnet1RouteTableAssociation: !Ref PublicSubnet1RouteTableAssociation
  PublicSubnet2RouteTableAssociation: !Ref PublicSubnet2RouteTableAssociation
  PublicSubnets: !Join [ ',', [ !Ref PublicSubnet1, !Ref PublicSubnet2, ] ]
  VpcId: !Ref VPC
