# Generated by copilot-helper v0.1-TEST / 2023-08-22 16:00:00

Parameters:
  ECSClusterName: !Ref Cluster
  EnvironmentSecurityGroup: !Ref EnvironmentSecurityGroup
  PrivateSubnets: !Join [ ',', [ !Ref PrivateSubnet1, !Ref PrivateSubnet2, ] ]
  PublicSubnets: !Join [ ',', [ !Ref PublicSubnet1, !Ref PublicSubnet2, ] ]
  VpcId: !Ref VPC
