# Generated by copilot-helper v0.1-TEST / 2023-08-22 16:00:00

Parameters:
  # Copilot required Parameters...
  App:
    Type: String
    Description: Your application's name.
  Env:
    Type: String
    Description: The environment name your service, job, or workflow is being deployed to.

Mappings:
  myS3BucketWithDeletionPolicyRetainEnvironmentConfigMap:
    # Create an entry for each environment

    development:
      BucketName: 'my-bucket-dev'
      DeletionPolicy: Retain


Resources:
  myS3BucketWithDeletionPolicyRetainKMSKey:
    Type: "AWS::KMS::Key"
    DeletionPolicy: !FindInMap [myS3BucketWithDeletionPolicyRetainEnvironmentConfigMap, !Ref Env, DeletionPolicy]
    UpdateReplacePolicy: Retain
    Properties:
      Description: "KMS Key for RDS encryption"
      KeyPolicy:
        Version: '2012-10-17'
        Id: !Sub '${App}-${Env}-myS3BucketWithDeletionPolicyRetain-key'
        Statement:
        - Sid: Enable IAM User Permissions
          Effect: Allow
          Principal:
            AWS: !Sub "arn:aws:iam::${AWS::AccountId}:root"
          Action: kms:*
          Resource: '*'

  myS3BucketWithDeletionPolicyRetainKeyAlias:
    Type: 'AWS::KMS::Alias'
    DeletionPolicy: !FindInMap [myS3BucketWithDeletionPolicyRetainEnvironmentConfigMap, !Ref Env, DeletionPolicy]
    UpdateReplacePolicy: Retain
    Properties:
      AliasName: !Sub 'alias/${App}-${Env}-myS3BucketWithDeletionPolicyRetain-key'
      TargetKeyId: !Ref myS3BucketWithDeletionPolicyRetainKMSKey

  myS3BucketWithDeletionPolicyRetainBucket:
    Metadata:
      'aws:copilot:description': 'An Amazon S3 bucket to store and retrieve objects for myS3BucketWithDeletionPolicyRetain'
    Type: AWS::S3::Bucket
    DeletionPolicy: !FindInMap [myS3BucketWithDeletionPolicyRetainEnvironmentConfigMap, !Ref Env, DeletionPolicy]
    UpdateReplacePolicy: Retain
    Properties:
      BucketName: !FindInMap [myS3BucketWithDeletionPolicyRetainEnvironmentConfigMap, !Ref Env, BucketName]
      AccessControl: Private
      BucketEncryption:
        ServerSideEncryptionConfiguration:
        - ServerSideEncryptionByDefault:
            SSEAlgorithm: aws:kms
            KMSMasterKeyID: !Ref myS3BucketWithDeletionPolicyRetainKMSKey
      VersioningConfiguration:
        Status: Enabled
      PublicAccessBlockConfiguration:
        BlockPublicAcls: true
        BlockPublicPolicy: true
        IgnorePublicAcls: true
        RestrictPublicBuckets: true
      Tags:
        - Key: Copilot-application
          Value: !Ref App
        - Key: Copilot-environment
          Value: !Ref Env
        - Key: Copilot-deletion-policy
          Value: !FindInMap [myS3BucketEnvironmentConfigMap, !Ref Env, DeletionPolicy]

  myS3BucketWithDeletionPolicyRetainBucketPolicy:
    Metadata:
      'aws:copilot:description': 'A bucket policy to deny unencrypted access to the bucket and its contents'
    Type: AWS::S3::BucketPolicy
    DeletionPolicy: !FindInMap [myS3BucketWithDeletionPolicyRetainEnvironmentConfigMap, !Ref Env, DeletionPolicy]
    UpdateReplacePolicy: Retain
    Properties:
      PolicyDocument:
        Version: '2012-10-17'
        Statement:
          - Sid: ForceHTTPS
            Effect: Deny
            Principal: '*'
            Action: 's3:*'
            Resource:
              - !Sub ${ myS3BucketWithDeletionPolicyRetainBucket.Arn}/*
              - !Sub ${ myS3BucketWithDeletionPolicyRetainBucket.Arn}
            Condition:
              Bool:
                "aws:SecureTransport": false
      Bucket: !Ref myS3BucketWithDeletionPolicyRetainBucket



Outputs:
  myS3BucketWithDeletionPolicyRetainName:
    Description: "The name of a user-defined bucket."
    Value: !Ref myS3BucketWithDeletionPolicyRetainBucket

  myS3BucketWithDeletionPolicyRetainKMSKeyARN:
    Description: "ARN of the KMS Key"
    Value: !GetAtt myS3BucketWithDeletionPolicyRetainKMSKey.Arn
    Export:
      Name: !Sub "${App}-${Env}-myS3BucketWithDeletionPolicyRetain-KMSKeyARN"
